// Jest Snapshot v1, https://goo.gl/fbAQLP

exports[`Auth render Should render 1`] = `
<form
  className="ui large form"
  onSubmit={[Function]}
>
  <div
    className="field"
  >
    <div
      className="ui fluid left icon input"
    >
      <input
        autoFocus={true}
        name="username"
        onBlur={[Function]}
        onChange={[Function]}
        onDragStart={[Function]}
        onDrop={[Function]}
        onFocus={[Function]}
        placeholder="Username"
        type="text"
        value=""
      />
      <i
        aria-hidden="true"
        className="user icon"
      />
    </div>
  </div>
  <div
    className="field"
  >
    <div
      className="ui fluid left icon input"
    >
      <input
        name="password"
        onBlur={[Function]}
        onChange={[Function]}
        onDragStart={[Function]}
        onDrop={[Function]}
        onFocus={[Function]}
        placeholder="Password"
        type="password"
        value=""
      />
      <i
        aria-hidden="true"
        className="lock icon"
      />
    </div>
  </div>
  <button
    className="ui blue large fluid vertical animated button"
    onClick={[Function]}
    role="button"
    type="submit"
  >
    <div
      className="visible content"
    >
      S'identifier
    </div>
    <div
      className="hidden content"
    >
      <i
        aria-hidden="true"
        className="sign-in icon"
      />
    </div>
  </button>
</form>
`;
